{
  message: 'Email service initialized successfully',
  level: 'info',
  service: 'checkresumeai-backend',
  environment: 'development',
  timestamp: '2025-08-17T15:55:34.875Z'
}
{
  message: '🚀 Server running on http://localhost:5000',
  level: 'info',
  service: 'checkresumeai-backend',
  environment: 'development',
  timestamp: '2025-08-17T15:55:35.222Z'
}
{
  message: '📚 API Documentation: http://localhost:5000/api/v1/health',
  level: 'info',
  service: 'checkresumeai-backend',
  environment: 'development',
  timestamp: '2025-08-17T15:55:35.223Z'
}
{
  message: '🌍 Environment: development',
  level: 'info',
  service: 'checkresumeai-backend',
  environment: 'development',
  timestamp: '2025-08-17T15:55:35.225Z'
}
{
  message: '🔐 CORS enabled for: Development domains',
  level: 'info',
  service: 'checkresumeai-backend',
  environment: 'development',
  timestamp: '2025-08-17T15:55:35.226Z'
}
{
  message: 'Email service initialized successfully',
  level: 'info',
  service: 'checkresumeai-backend',
  environment: 'development',
  timestamp: '2025-08-17T17:30:05.147Z'
}
{
  message: '🚀 Server running on http://localhost:5000',
  level: 'info',
  service: 'checkresumeai-backend',
  environment: 'development',
  timestamp: '2025-08-17T17:30:05.784Z'
}
{
  message: '📚 API Documentation: http://localhost:5000/api/v1/health',
  level: 'info',
  service: 'checkresumeai-backend',
  environment: 'development',
  timestamp: '2025-08-17T17:30:05.786Z'
}
{
  message: '🌍 Environment: development',
  level: 'info',
  service: 'checkresumeai-backend',
  environment: 'development',
  timestamp: '2025-08-17T17:30:05.789Z'
}
{
  message: '🔐 CORS enabled for: Development domains',
  level: 'info',
  service: 'checkresumeai-backend',
  environment: 'development',
  timestamp: '2025-08-17T17:30:05.793Z'
}
{
  message: 'Email service initialized successfully',
  level: 'info',
  service: 'checkresumeai-backend',
  environment: 'development',
  timestamp: '2025-08-17T17:39:35.705Z'
}
{
  message: '🚀 Server running on http://localhost:5000',
  level: 'info',
  service: 'checkresumeai-backend',
  environment: 'development',
  timestamp: '2025-08-17T17:39:36.099Z'
}
{
  message: '📚 API Documentation: http://localhost:5000/api/v1/health',
  level: 'info',
  service: 'checkresumeai-backend',
  environment: 'development',
  timestamp: '2025-08-17T17:39:36.100Z'
}
{
  message: '🌍 Environment: development',
  level: 'info',
  service: 'checkresumeai-backend',
  environment: 'development',
  timestamp: '2025-08-17T17:39:36.101Z'
}
{
  message: '🔐 CORS enabled for: Development domains',
  level: 'info',
  service: 'checkresumeai-backend',
  environment: 'development',
  timestamp: '2025-08-17T17:39:36.102Z'
}
